
> metropolitan-museum@0.0.0 start
> ng serve --host 127.0.0.1 --port 4200

[33m>[39m Building...
[32m√[39m Building...
[1mInitial chunk files[22m[2m | [22m[1mNames[22m               [2m | [22m [1mRaw size[22m
[32mmain.js[39m            [2m | [22m[2mmain[22m                [2m | [22m [36m22.29 kB[39m[2m | [22m
[32mstyles.css[39m         [2m | [22m[2mstyles[22m              [2m | [22m  [36m3.24 kB[39m[2m | [22m
[32mchunk-VUJOFXKG.js[39m  [2m | [22m[2m-[22m                   [2m | [22m[36m938 bytes[39m[2m | [22m
[32mpolyfills.js[39m       [2m | [22m[2mpolyfills[22m           [2m | [22m [36m95 bytes[39m[2m | [22m

[1m [22m                  [2m | [22m[1mInitial total[22m       [2m | [22m [1m26.56 kB[22m

[1mLazy chunk files[22m   [2m | [22m[1mNames[22m               [2m | [22m [1mRaw size[22m
[32mchunk-SJ76GOE4.js[39m  [2m | [22m[2martwork-details-page[22m[2m | [22m [36m16.48 kB[39m[2m | [22m
[32mchunk-KYBFQHR7.js[39m  [2m | [22m[2mdiscover-page[22m       [2m | [22m [36m15.90 kB[39m[2m | [22m
[32mchunk-SJIRS5AK.js[39m  [2m | [22m[2mhome-page[22m           [2m | [22m [36m15.17 kB[39m[2m | [22m
[32mchunk-6CJZY2SX.js[39m  [2m | [22m[2mtimeline-page[22m       [2m | [22m [36m10.24 kB[39m[2m | [22m
[32mchunk-6OIV7WWF.js[39m  [2m | [22m[2m-[22m                   [2m | [22m  [36m9.22 kB[39m[2m | [22m
[32mchunk-65ISZKOC.js[39m  [2m | [22m[2mcollections-page[22m    [2m | [22m  [36m8.19 kB[39m[2m | [22m
[32mchunk-OSD4DYAY.js[39m  [2m | [22m[2mdaily-artwork-page[22m  [2m | [22m  [36m7.73 kB[39m[2m | [22m
[32mchunk-YWXB4EPY.js[39m  [2m | [22m[2martist-details-page[22m [2m | [22m  [36m7.58 kB[39m[2m | [22m
[32mchunk-YEVHO55T.js[39m  [2m | [22m[2msearch-results-page[22m [2m | [22m  [36m7.33 kB[39m[2m | [22m
[32mchunk-4XC22YLI.js[39m  [2m | [22m[2m-[22m                   [2m | [22m  [36m5.48 kB[39m[2m | [22m
[32mchunk-SDRMXTGZ.js[39m  [2m | [22m[2m-[22m                   [2m | [22m  [36m5.20 kB[39m[2m | [22m
[32mchunk-2ULTMIW6.js[39m  [2m | [22m[2m-[22m                   [2m | [22m  [36m4.54 kB[39m[2m | [22m
[32mchunk-3UHYXWZJ.js[39m  [2m | [22m[2m-[22m                   [2m | [22m  [36m4.21 kB[39m[2m | [22m
[32mchunk-PTQCXUDM.js[39m  [2m | [22m[2mnot-found-page[22m      [2m | [22m  [36m3.84 kB[39m[2m | [22m
[32mchunk-XIOMGEVK.js[39m  [2m | [22m[2m-[22m                   [2m | [22m  [36m2.33 kB[39m[2m | [22m
[2m...and 1 more lazy chunks files. Use "--verbose" to show all the files.[22m

Application bundle generation complete. [1.741 seconds] - 2026-05-21T02:24:20.566Z

Watch mode enabled. Watching for file changes...
NOTE: Raw file sizes do not reflect development server per-request transformations.
  [32m➜[39m  [1mLocal[22m:   [36mhttp://127.0.0.1:[1m4200[22m/[39m
[33m>[39m Changes detected. Rebuilding...
[32m√[39m Changes detected. Rebuilding...
[1mInitial chunk files[22m[2m | [22m[1mNames[22m [2m | [22m[1mRaw size[22m
[32mstyles.css[39m         [2m | [22m[2mstyles[22m[2m | [22m [36m3.26 kB[39m[2m | [22m

Application bundle generation complete. [0.088 seconds] - 2026-05-21T02:25:51.555Z

Page reload sent to client(s).
